{
  "backend": "fake_aachen",
  "basis_gates": [
    "sx",
    "delay",
    "if_else",
    "cz",
    "rz",
    "measure",
    "reset",
    "id",
    "x"
  ],
  "condition": "fake_fake_aachen",
  "noise_model": "NoiseModel.from_backend(gate_error, thermal_relaxation; readout stripped, applied analytically per A1.8)",
  "path": [
    132,
    133,
    134,
    135,
    139,
    155,
    154,
    153,
    152,
    151
  ],
  "path_score": {
    "max_2q_error": 0.0011443382051605777,
    "max_readout_error": 0.0235595703125,
    "median_2q_error": 0.0010002941162931267,
    "median_readout_error": 0.0078125
  },
  "paths_scored": 3348,
  "processor_type": {
    "family": "Heron",
    "revision": "3"
  },
  "readout_confusions_per_clbit": [
    [
      [
        0.9923095703125,
        0.0076904296875
      ],
      [
        0.0076904296875,
        0.9923095703125
      ]
    ],
    [
      [
        0.989013671875,
        0.010986328125
      ],
      [
        0.010986328125,
        0.989013671875
      ]
    ],
    [
      [
        0.9764404296875,
        0.0235595703125
      ],
      [
        0.0235595703125,
        0.9764404296875
      ]
    ],
    [
      [
        0.9947509765625,
        0.0052490234375
      ],
      [
        0.0052490234375,
        0.9947509765625
      ]
    ],
    [
      [
        0.9847412109375,
        0.0152587890625
      ],
      [
        0.0152587890625,
        0.9847412109375
      ]
    ],
    [
      [
        0.9932861328125,
        0.0067138671875
      ],
      [
        0.0067138671875,
        0.9932861328125
      ]
    ],
    [
      [
        0.9920654296875,
        0.0079345703125
      ],
      [
        0.0079345703125,
        0.9920654296875
      ]
    ],
    [
      [
        0.994873046875,
        0.005126953125
      ],
      [
        0.005126953125,
        0.994873046875
      ]
    ],
    [
      [
        0.9879150390625,
        0.0120849609375
      ],
      [
        0.0120849609375,
        0.9879150390625
      ]
    ],
    [
      [
        0.994140625,
        0.005859375
      ],
      [
        0.005859375,
        0.994140625
      ]
    ]
  ],
  "score_formula": "lexicographic (max 2q, median 2q, max readout, median readout) over path edges/qubits",
  "transpile_report": {
    "depth_max": 94,
    "depth_median": 92.0,
    "no_swap": true,
    "optimization_level": 3,
    "seed_transpiler": 1701,
    "two_qubit_count_max": 18,
    "two_qubit_count_median": 18.0
  }
}
